
> @deriv/bot-web-ui@1.0.0 build
> f () { npm run build:skeleton && webpack --progress --env base=$1;}; f

node.exe : 'f' is not 
recognized as an internal 
or external command,
At C:\Program 
Files\nodejs\npm.ps1:29 
char:3
+   & $NODE_EXE 
$NPM_CLI_JS $args
+   ~~~~~~~~~~~~~~~~~~~~~~~
~~~~~~
    + CategoryInfo         
     : NotSpecified: ('f'  
   is not reco...ternal    
 command,:String) [], R    
emoteException
    + FullyQualifiedErrorI 
   d : NativeCommandError
 
operable program or batch 
file.
npm error Lifecycle script 
`build` failed with error:
npm error code 1
npm error path C:\Users\Adm
inistrator\newsites\mesofli
xcorrectedv\mesoflixcorrect
edversion\packages\bot-web-
ui
npm error workspace 
@deriv/bot-web-ui@1.0.0
npm error location C:\Users
\Administrator\newsites\mes
oflixcorrectedv\mesoflixcor
rectedversion\packages\bot-
web-ui
npm error command failed
npm error command C:\Window
s\system32\cmd.exe /d /s 
/c f () { npm run 
build:skeleton && webpack 
--progress --env 
base=$1;}; f
